git log veo de manera global
git log --oneline
git status
git commit -m "el mensaje"

git branch

git add [nombre del archivo] 
git add .  agrega el directorio donde hubo el cambio
git add * agrega todos directorios incluso donde no hubo cambios

**************************************************************************
                      EJEMPLOS DE LOS COMANDOS 
**************************************************************************

******************** git log veo de manera global ************************
E:\RepositoryGit\CursoViamatica>git log
commit e8ca76193f09b9a5b86d7913d925be783b317272 (HEAD -> master)
Author: jyepez30 <joseyepez.ec@gmail.com>
Date:   Sat Mar 2 14:27:05 2024 -0500

    agregando un nuevo comando de git

commit 81934917e3e9250ad83d75ff04d3da5af15a9696
Author: jyepez30 <joseyepez.ec@gmail.com>
Date:   Sat Mar 2 14:22:21 2024 -0500

    Comandos Git mas Usados

git log --oneline muestra en una linea la informaciòn de cada cambio
E:\RepositoryGit\CursoViamatica>git log --oneline
e8ca761 (HEAD -> master) agregando un nuevo comando de git
8193491 Comandos Git mas Usados
**************************************************************************

************** git log --oneline Muestra en una linea ********************
E:\RepositoryGit\CursoViamatica>git log --oneline
e8ca761 (HEAD -> master) agregando un nuevo comando de git
8193491 Comandos Git mas Usados
**************************************************************************

************************** git status ************************************

E:\RepositoryGit\CursoViamatica>git status
On branch master

No commits yet

Changes to be committed:
  (use "git rm --cached <file>..." to unstage)
        new file:   notes.txt
**************************************************************************

****************** git commit -m "el mensaje" ****************************

E:\RepositoryGit\CursoViamatica>git commit -m "Comandos Git mas Usados"
[master (root-commit) 8193491] Comandos Git mas Usados
 1 file changed, 7 insertions(+)
 create mode 100644 notes.txt

**************************************************************************

****************** git restore index.css ****************************
E:\RepositoryGit\CursoViamatica>git status
On branch master
Changes not staged for commit:
  (use "git add <file>..." to update what will be committed)
  (use "git restore <file>..." to discard changes in working directory)
        modified:   index.css

no changes added to commit (use "git add" and/or "git commit -a")

E:\RepositoryGit\CursoViamatica>git restore index.css


xxxxxxxxxxxxxxxxxxxxxxxxxxxxxxxxxxxxxxxxxxxxxxxxxxxxxxxxxxxxxxxxxxxxx
*******como hacer un reverso**********
si el commit esta recien usar el comando de la siguiente linea
:wq!
xxxxxxxxxxxxxxxxxxxxxxxxxxxxxxxxxxxxxxxxxxxxxxxxxxxxxxxxxxxxxxxxxxxxx




git branch [name new branch]
git branch mejora 


E:\RepositoryGit\CursoViamatica>git branch
* master

E:\RepositoryGit\CursoViamatica>git branch mejora

E:\RepositoryGit\CursoViamatica> git branch
* master
  mejora

E:\RepositoryGit\CursoViamatica>git checkout mejora
Switched to branch 'mejora'

E:\RepositoryGit\CursoViamatica>git branch
  master
* mejora


*************trababajndo con git Bash************************
Jyepez@DESKTOP-U4I712N MINGW64 ~
$ cd /e/RepositoryGit/CursoViamatica

Jyepez@DESKTOP-U4I712N MINGW64 /e/RepositoryGit/CursoViamatica (mejora)
xxxxxxxxxxxxxxxxxxxxxxxxxxxxxxxxxxxxxxxxxxxxxxxxxxxxxxxxxxxxxxxxxxxxx

Jyepez@DESKTOP-U4I712N MINGW64 /e/RepositoryGit/CursoViamatica (mejora)
$ git checkout -b mensaje */ crea un nuevo brazo
Switched to a new branch 'mensaje'

Jyepez@DESKTOP-U4I712N MINGW64 /e/RepositoryGit/CursoViamatica (mensaje)
$
Jyepez@DESKTOP-U4I712N MINGW64 /e/RepositoryGit/CursoViamatica (mensaje)
$ git status
On branch mensaje
Changes not staged for commit:
  (use "git add <file>..." to update what will be committed)
  (use "git restore <file>..." to discard changes in working directory)
        modified:   notes.txt

no changes added to commit (use "git add" and/or "git commit -a")

Jyepez@DESKTOP-U4I712N MINGW64 /e/RepositoryGit/CursoViamatica (mensaje)
$ git add .

Jyepez@DESKTOP-U4I712N MINGW64 /e/RepositoryGit/CursoViamatica (mensaje)
$ git commit -m "cidificación nueva en notes.html"
[mensaje f05ae2b] cidificación nueva en notes.html
 1 file changed, 7 insertions(+)

Jyepez@DESKTOP-U4I712N MINGW64 /e/RepositoryGit/CursoViamatica (mensaje)
$ git checkout master
Switched to branch 'master'

<<<<<<< HEAD
=======
XXXXXXXXXXXXXXXXXXXXXXXXXXXXXXXXXXXXXXXXXXXXXXXXXXXXXXXXXXXXXXXXXXXXXXXXXXXXXXXXXXXXXXXXXXXXXXX
*********SE AGREGO A MASTER TODOS LOS CAMBIOS REALIZADOS EN MENSAJE***********************
>>>>>>> mensaje
Jyepez@DESKTOP-U4I712N MINGW64 /e/RepositoryGit/CursoViamatica (master)
$ git merge mensaje
Updating ae96705..f05ae2b
Fast-forward
 notes.txt | 53 +++++++++++++++++++++++++++++++++++++++++++++++++++++
 1 file changed, 53 insertions(+)

<<<<<<< HEAD
=======
XXXXXXXXXXXXXXXXXXXXXXXXXXXXXXXXXXXXXXXXXXXXXXXXXXXXXXXXXXXXXXXXXXXXXXXXXXXXXXXXXXXXXXXXXXXXXXX



Jyepez@DESKTOP-U4I712N MINGW64 /e/RepositoryGit/CursoViamatica (master)
$ git log
commit f05ae2bbee853b262a5e382a9fa2ff2dcd1ccaab (HEAD -> master, mensaje)
Author: jyepez30 <joseyepez.ec@gmail.com>
Date:   Sat Mar 2 16:36:13 2024 -0500

    cidificación nueva en notes.html

commit f5da2ecc446ff670f65fa0b63b734439c8d43ca0 (mejora)
Author: jyepez30 <joseyepez.ec@gmail.com>
Date:   Sat Mar 2 16:27:20 2024 -0500

    cambios enviados a Producción

commit ae967058e512e8c51a529b71a11a13104981c81b
Author: jyepez30 <joseyepez.ec@gmail.com>
Date:   Sat Mar 2 16:15:58 2024 -0500

    cambios a producción

commit c68d44199089733b1b0ebd54f061bc2b69ebf9d3
Author: jyepez30 <joseyepez.ec@gmail.com>
Date:   Sat Mar 2 15:05:24 2024 -0500

    cambios css

commit 6e9bc8ee5dde9d7ee3aeb8fa1b55409edf14cd4c
Author: jyepez30 <joseyepez.ec@gmail.com>
Date:   Sat Mar 2 15:02:01 2024 -0500

    se agrega ejemplos de los comandos

commit e8ca76193f09b9a5b86d7913d925be783b317272
Author: jyepez30 <joseyepez.ec@gmail.com>
Date:   Sat Mar 2 14:27:05 2024 -0500

    agregando un nuevo comando de git

commit 81934917e3e9250ad83d75ff04d3da5af15a9696
Author: jyepez30 <joseyepez.ec@gmail.com>
Date:   Sat Mar 2 14:22:21 2024 -0500

    Comandos Git mas Usados

>>>>>>> mensaje
Jyepez@DESKTOP-U4I712N MINGW64 /e/RepositoryGit/CursoViamatica (master)
$


<<<<<<< HEAD
=======

>>>>>>> mensaje

**************subo a la nube de git ********************************
usando el comando: git push -u origin master

Jyepez@DESKTOP-U4I712N MINGW64 /e/RepositoryGit/CursoViamatica (master)
$ git push -u origin master
Enumerating objects: 4, done.
Counting objects: 100% (4/4), done.
Delta compression using up to 2 threads
Compressing objects: 100% (2/2), done.
Writing objects: 100% (3/3), 320 bytes | 320.00 KiB/s, done.
Total 3 (delta 0), reused 0 (delta 0), pack-reused 0 (from 0)
To https://github.com/jyepez30/bootcampClaseGit.git
   cec3584..88eaeb4  master -> master
branch 'master' set up to track 'origin/master'.

**************Creando otra Rama git ********************************
usando el comando: git checkout -b Rama2

Jyepez@DESKTOP-U4I712N MINGW64 /e/RepositoryGit/CursoViamatica (master)
$ git checkout -b Rama2
Switched to a new branch 'Rama2'

Jyepez@DESKTOP-U4I712N MINGW64 /e/RepositoryGit/CursoViamatica (Rama2)
$ git add .

Jyepez@DESKTOP-U4I712N MINGW64 /e/RepositoryGit/CursoViamatica (Rama2)
$ git commit -m "cambios Nueva funcionalidad"
[Rama2 58cc2c2] cambios Nueva funcionalidad
 1 file changed, 4 insertions(+)

************** Se sube a la nube la otra Rama git ********************************


Jyepez@DESKTOP-U4I712N MINGW64 /e/RepositoryGit/CursoViamatica (Rama2)
$ git push -u origin Rama2
Enumerating objects: 5, done.
Counting objects: 100% (5/5), done.
Delta compression using up to 2 threads
Compressing objects: 100% (3/3), done.
Writing objects: 100% (3/3), 418 bytes | 418.00 KiB/s, done.
Total 3 (delta 1), reused 0 (delta 0), pack-reused 0 (from 0)
remote: Resolving deltas: 100% (1/1), completed with 1 local object.
remote:
remote: Create a pull request for 'Rama2' on GitHub by visiting:
remote:      https://github.com/jyepez30/bootcampClaseGit/pull/new/Rama2
remote:
To https://github.com/jyepez30/bootcampClaseGit.git
 * [new branch]      Rama2 -> Rama2
branch 'Rama2' set up to track 'origin/Rama2'.

Jyepez@DESKTOP-U4I712N MINGW64 /e/RepositoryGit/CursoViamatica (Rama2)
$ git checkout master
Switched to branch 'master'
Your branch is up to date with 'origin/master'.

Jyepez@DESKTOP-U4I712N MINGW64 /e/RepositoryGit/CursoViamatica (master)
$ git pull origin master
remote: Enumerating objects: 1, done.
remote: Counting objects: 100% (1/1), done.
remote: Total 1 (delta 0), reused 0 (delta 0), pack-reused 0
Unpacking objects: 100% (1/1), 900 bytes | 21.00 KiB/s, done.
From https://github.com/jyepez30/bootcampClaseGit
 * branch            master     -> FETCH_HEAD
   88eaeb4..1695726  master     -> origin/master
Updating 88eaeb4..1695726
Fast-forward
 index.html | 4 ++++
 1 file changed, 4 insertions(+)

Jyepez@DESKTOP-U4I712N MINGW64 /e/RepositoryGit/CursoViamatica (master)
$
